********* Start testing of WidgetPanelSmokeTests *********
Config: Using QtTest library 6.6.3, Qt 6.6.3 (x86_64-little_endian-llp64 shared (dynamic) debug build; by MSVC 2019), windows 11
INFO   : WidgetPanelSmokeTests::initTestCase() entering
PASS   : WidgetPanelSmokeTests::initTestCase()
INFO   : WidgetPanelSmokeTests::dpadClickEmitsJogSignal() entering
INFO   : WidgetPanelSmokeTests::dpadClickEmitsJogSignal() QVERIFY(button != nullptr)
I:\century\QFileMatrix\tests\WidgetPanelSmokeTests.cpp(57) : message location
INFO   : WidgetPanelSmokeTests::dpadClickEmitsJogSignal() QCOMPARE(spy.count(), 1)
I:\century\QFileMatrix\tests\WidgetPanelSmokeTests.cpp(62) : message location
INFO   : WidgetPanelSmokeTests::dpadClickEmitsJogSignal() QCOMPARE(args.at(0).toInt(), 0)
I:\century\QFileMatrix\tests\WidgetPanelSmokeTests.cpp(64) : message location
INFO   : WidgetPanelSmokeTests::dpadClickEmitsJogSignal() QCOMPARE(args.at(1).toInt(), 1)
I:\century\QFileMatrix\tests\WidgetPanelSmokeTests.cpp(65) : message location
PASS   : WidgetPanelSmokeTests::dpadClickEmitsJogSignal()
INFO   : WidgetPanelSmokeTests::measurePanelButtonsEmitSignals() entering
INFO   : WidgetPanelSmokeTests::measurePanelButtonsEmitSignals() QVERIFY(startButton != nullptr)
I:\century\QFileMatrix\tests\WidgetPanelSmokeTests.cpp(73) : message location
INFO   : WidgetPanelSmokeTests::measurePanelButtonsEmitSignals() QVERIFY(manualButton != nullptr)
I:\century\QFileMatrix\tests\WidgetPanelSmokeTests.cpp(74) : message location
INFO   : WidgetPanelSmokeTests::measurePanelButtonsEmitSignals() QCOMPARE(startSpy.count(), 1)
I:\century\QFileMatrix\tests\WidgetPanelSmokeTests.cpp(81) : message location
INFO   : WidgetPanelSmokeTests::measurePanelButtonsEmitSignals() QCOMPARE(manualSpy.count(), 1)
I:\century\QFileMatrix\tests\WidgetPanelSmokeTests.cpp(82) : message location
PASS   : WidgetPanelSmokeTests::measurePanelButtonsEmitSignals()
INFO   : WidgetPanelSmokeTests::historyPanelAcceptsModel() entering
INFO   : WidgetPanelSmokeTests::historyPanelAcceptsModel() QVERIFY(view != nullptr)
I:\century\QFileMatrix\tests\WidgetPanelSmokeTests.cpp(93) : message location
INFO   : WidgetPanelSmokeTests::historyPanelAcceptsModel() QCOMPARE(view->model(), &model)
I:\century\QFileMatrix\tests\WidgetPanelSmokeTests.cpp(94) : message location
PASS   : WidgetPanelSmokeTests::historyPanelAcceptsModel()
INFO   : WidgetPanelSmokeTests::topTitleBarExposesPrototypeActions() entering
INFO   : WidgetPanelSmokeTests::topTitleBarExposesPrototypeActions() QVERIFY(bar.findChild<QPushButton*>(QStringLiteral("navMeasureButton")) != nullptr)
I:\century\QFileMatrix\tests\WidgetPanelSmokeTests.cpp(101) : message location
INFO   : WidgetPanelSmokeTests::topTitleBarExposesPrototypeActions() QVERIFY(bar.findChild<QPushButton*>(QStringLiteral("navDataButton")) != nullptr)
I:\century\QFileMatrix\tests\WidgetPanelSmokeTests.cpp(102) : message location
INFO   : WidgetPanelSmokeTests::topTitleBarExposesPrototypeActions() QVERIFY(bar.findChild<QPushButton*>(QStringLiteral("searchButton")) != nullptr)
I:\century\QFileMatrix\tests\WidgetPanelSmokeTests.cpp(103) : message location
INFO   : WidgetPanelSmokeTests::topTitleBarExposesPrototypeActions() QVERIFY(bar.findChild<QPushButton*>(QStringLiteral("alarmButton")) != nullptr)
I:\century\QFileMatrix\tests\WidgetPanelSmokeTests.cpp(104) : message location
PASS   : WidgetPanelSmokeTests::topTitleBarExposesPrototypeActions()
INFO   : WidgetPanelSmokeTests::topTitleBarShowsRenamedSoftwareTitle() entering
INFO   : WidgetPanelSmokeTests::topTitleBarShowsRenamedSoftwareTitle() QVERIFY(title != nullptr)
I:\century\QFileMatrix\tests\WidgetPanelSmokeTests.cpp(112) : message location
INFO   : WidgetPanelSmokeTests::topTitleBarShowsRenamedSoftwareTitle() QCOMPARE(title->text(), QStringLiteral("工业软件测量系统"))
I:\century\QFileMatrix\tests\WidgetPanelSmokeTests.cpp(113) : message location
PASS   : WidgetPanelSmokeTests::topTitleBarShowsRenamedSoftwareTitle()
INFO   : WidgetPanelSmokeTests::topTitleBarUsesPrototypeDarkStyle() entering
INFO   : WidgetPanelSmokeTests::topTitleBarUsesPrototypeDarkStyle() QVERIFY(title != nullptr)
I:\century\QFileMatrix\tests\WidgetPanelSmokeTests.cpp(125) : message location
INFO   : WidgetPanelSmokeTests::topTitleBarUsesPrototypeDarkStyle() QVERIFY(tile != nullptr)
I:\century\QFileMatrix\tests\WidgetPanelSmokeTests.cpp(126) : message location
INFO   : WidgetPanelSmokeTests::topTitleBarUsesPrototypeDarkStyle() QCOMPARE(pixmap.toImage().pixelColor(10, 10), QColor(QStringLiteral("#0F1B2D")))
I:\century\QFileMatrix\tests\WidgetPanelSmokeTests.cpp(131) : message location
INFO   : WidgetPanelSmokeTests::topTitleBarUsesPrototypeDarkStyle() QVERIFY(title->styleSheet().contains(QStringLiteral("#EDF1F7"), Qt::CaseInsensitive))
I:\century\QFileMatrix\tests\WidgetPanelSmokeTests.cpp(132) : message location
INFO   : WidgetPanelSmokeTests::topTitleBarUsesPrototypeDarkStyle() QVERIFY(tile->styleSheet().contains(Theme::palette().brand.name(), Qt::CaseInsensitive))
I:\century\QFileMatrix\tests\WidgetPanelSmokeTests.cpp(133) : message location
PASS   : WidgetPanelSmokeTests::topTitleBarUsesPrototypeDarkStyle()
INFO   : WidgetPanelSmokeTests::topTitleBarUsesCompactLeftAlignedNavigation() entering
INFO   : WidgetPanelSmokeTests::topTitleBarUsesCompactLeftAlignedNavigation() QVERIFY(title != nullptr)
I:\century\QFileMatrix\tests\WidgetPanelSmokeTests.cpp(146) : message location
INFO   : WidgetPanelSmokeTests::topTitleBarUsesCompactLeftAlignedNavigation() QVERIFY(measureButton != nullptr)
I:\century\QFileMatrix\tests\WidgetPanelSmokeTests.cpp(147) : message location
INFO   : WidgetPanelSmokeTests::topTitleBarUsesCompactLeftAlignedNavigation() QVERIFY(navWrap != nullptr)
I:\century\QFileMatrix\tests\WidgetPanelSmokeTests.cpp(148) : message location
INFO   : WidgetPanelSmokeTests::topTitleBarUsesCompactLeftAlignedNavigation() QCOMPARE(bar.height(), 44)
I:\century\QFileMatrix\tests\WidgetPanelSmokeTests.cpp(150) : message location
INFO   : WidgetPanelSmokeTests::topTitleBarUsesCompactLeftAlignedNavigation() QVERIFY(measureButton->x() < 320)
I:\century\QFileMatrix\tests\WidgetPanelSmokeTests.cpp(151) : message location
INFO   : WidgetPanelSmokeTests::topTitleBarUsesCompactLeftAlignedNavigation() QVERIFY(measureButton->height() <= 32)
I:\century\QFileMatrix\tests\WidgetPanelSmokeTests.cpp(152) : message location
INFO   : WidgetPanelSmokeTests::topTitleBarUsesCompactLeftAlignedNavigation() QVERIFY(navWrap->width() < 320)
I:\century\QFileMatrix\tests\WidgetPanelSmokeTests.cpp(153) : message location
PASS   : WidgetPanelSmokeTests::topTitleBarUsesCompactLeftAlignedNavigation()
INFO   : WidgetPanelSmokeTests::deviceStatusBarExposesActionButtons() entering
INFO   : WidgetPanelSmokeTests::deviceStatusBarExposesActionButtons() QVERIFY(bar.findChild<QPushButton*>(QStringLiteral("statusStartButton")) != nullptr)
I:\century\QFileMatrix\tests\WidgetPanelSmokeTests.cpp(160) : message location
INFO   : WidgetPanelSmokeTests::deviceStatusBarExposesActionButtons() QVERIFY(bar.findChild<QPushButton*>(QStringLiteral("statusManualButton")) != nullptr)
I:\century\QFileMatrix\tests\WidgetPanelSmokeTests.cpp(161) : message location
INFO   : WidgetPanelSmokeTests::deviceStatusBarExposesActionButtons() QVERIFY(bar.findChild<QPushButton*>(QStringLiteral("statusStopButton")) != nullptr)
I:\century\QFileMatrix\tests\WidgetPanelSmokeTests.cpp(162) : message location
PASS   : WidgetPanelSmokeTests::deviceStatusBarExposesActionButtons()
INFO   : WidgetPanelSmokeTests::deviceStatusBarUsesCompactPrototypeLayout() entering
INFO   : WidgetPanelSmokeTests::deviceStatusBarUsesCompactPrototypeLayout() QVERIFY(divider != nullptr)
I:\century\QFileMatrix\tests\WidgetPanelSmokeTests.cpp(176) : message location
INFO   : WidgetPanelSmokeTests::deviceStatusBarUsesCompactPrototypeLayout() QVERIFY(startButton != nullptr)
I:\century\QFileMatrix\tests\WidgetPanelSmokeTests.cpp(177) : message location
INFO   : WidgetPanelSmokeTests::deviceStatusBarUsesCompactPrototypeLayout() QVERIFY(manualButton != nullptr)
I:\century\QFileMatrix\tests\WidgetPanelSmokeTests.cpp(178) : message location
INFO   : WidgetPanelSmokeTests::deviceStatusBarUsesCompactPrototypeLayout() QVERIFY(stopButton != nullptr)
I:\century\QFileMatrix\tests\WidgetPanelSmokeTests.cpp(179) : message location
INFO   : WidgetPanelSmokeTests::deviceStatusBarUsesCompactPrototypeLayout() QVERIFY(startButton->height() <= 24)
I:\century\QFileMatrix\tests\WidgetPanelSmokeTests.cpp(181) : message location
INFO   : WidgetPanelSmokeTests::deviceStatusBarUsesCompactPrototypeLayout() QVERIFY(manualButton->height() <= 24)
I:\century\QFileMatrix\tests\WidgetPanelSmokeTests.cpp(182) : message location
INFO   : WidgetPanelSmokeTests::deviceStatusBarUsesCompactPrototypeLayout() QVERIFY(stopButton->height() <= 24)
I:\century\QFileMatrix\tests\WidgetPanelSmokeTests.cpp(183) : message location
INFO   : WidgetPanelSmokeTests::deviceStatusBarUsesCompactPrototypeLayout() QCOMPARE(divider->width(), 1)
I:\century\QFileMatrix\tests\WidgetPanelSmokeTests.cpp(184) : message location
PASS   : WidgetPanelSmokeTests::deviceStatusBarUsesCompactPrototypeLayout()
INFO   : WidgetPanelSmokeTests::bottomStatusBarUpdatesTelemetry() entering
INFO   : WidgetPanelSmokeTests::bottomStatusBarUpdatesTelemetry() QVERIFY(xLabel != nullptr)
I:\century\QFileMatrix\tests\WidgetPanelSmokeTests.cpp(198) : message location
INFO   : WidgetPanelSmokeTests::bottomStatusBarUpdatesTelemetry() QVERIFY(probeLabel != nullptr)
I:\century\QFileMatrix\tests\WidgetPanelSmokeTests.cpp(199) : message location
INFO   : WidgetPanelSmokeTests::bottomStatusBarUpdatesTelemetry() QVERIFY(sampleLabel != nullptr)
I:\century\QFileMatrix\tests\WidgetPanelSmokeTests.cpp(200) : message location
INFO   : WidgetPanelSmokeTests::bottomStatusBarUpdatesTelemetry() QCOMPARE(xLabel->text(), QStringLiteral("X: <b>456</b>"))
I:\century\QFileMatrix\tests\WidgetPanelSmokeTests.cpp(201) : message location
INFO   : WidgetPanelSmokeTests::bottomStatusBarUpdatesTelemetry() QCOMPARE(probeLabel->text(), QStringLiteral("探针: <b>-58.790</b>"))
I:\century\QFileMatrix\tests\WidgetPanelSmokeTests.cpp(202) : message location
INFO   : WidgetPanelSmokeTests::bottomStatusBarUpdatesTelemetry() QCOMPARE(sampleLabel->text(), QStringLiteral("采样: <b>5</b> / 24"))
I:\century\QFileMatrix\tests\WidgetPanelSmokeTests.cpp(203) : message location
PASS   : WidgetPanelSmokeTests::bottomStatusBarUpdatesTelemetry()
INFO   : WidgetPanelSmokeTests::bottomStatusBarUsesPrototypeMetaStrip() entering
INFO   : WidgetPanelSmokeTests::bottomStatusBarUsesPrototypeMetaStrip() QVERIFY(buildLabel != nullptr)
I:\century\QFileMatrix\tests\WidgetPanelSmokeTests.cpp(214) : message location
INFO   : WidgetPanelSmokeTests::bottomStatusBarUsesPrototypeMetaStrip() QVERIFY(userLabel != nullptr)
I:\century\QFileMatrix\tests\WidgetPanelSmokeTests.cpp(215) : message location
INFO   : WidgetPanelSmokeTests::bottomStatusBarUsesPrototypeMetaStrip() QVERIFY(versionLabel != nullptr)
I:\century\QFileMatrix\tests\WidgetPanelSmokeTests.cpp(216) : message location
INFO   : WidgetPanelSmokeTests::bottomStatusBarUsesPrototypeMetaStrip() QVERIFY(connectionLabel != nullptr)
I:\century\QFileMatrix\tests\WidgetPanelSmokeTests.cpp(217) : message location
INFO   : WidgetPanelSmokeTests::bottomStatusBarUsesPrototypeMetaStrip() QCOMPARE(bar.height(), 28)
I:\century\QFileMatrix\tests\WidgetPanelSmokeTests.cpp(219) : message location
INFO   : WidgetPanelSmokeTests::bottomStatusBarUsesPrototypeMetaStrip() QCOMPARE(buildLabel->text(), QStringLiteral("构建 #2026.04.20"))
I:\century\QFileMatrix\tests\WidgetPanelSmokeTests.cpp(220) : message location
INFO   : WidgetPanelSmokeTests::bottomStatusBarUsesPrototypeMetaStrip() QCOMPARE(userLabel->text(), QStringLiteral("用户: HXS"))
I:\century\QFileMatrix\tests\WidgetPanelSmokeTests.cpp(221) : message location
INFO   : WidgetPanelSmokeTests::bottomStatusBarUsesPrototypeMetaStrip() QCOMPARE(versionLabel->text(), QStringLiteral("v1.0.1"))
I:\century\QFileMatrix\tests\WidgetPanelSmokeTests.cpp(222) : message location
INFO   : WidgetPanelSmokeTests::bottomStatusBarUsesPrototypeMetaStrip() QCOMPARE(connectionLabel->text(), QStringLiteral("连接成功"))
I:\century\QFileMatrix\tests\WidgetPanelSmokeTests.cpp(223) : message location
PASS   : WidgetPanelSmokeTests::bottomStatusBarUsesPrototypeMetaStrip()
INFO   : WidgetPanelSmokeTests::sensorPanelExposesPrototypeFields() entering
INFO   : WidgetPanelSmokeTests::sensorPanelExposesPrototypeFields() QVERIFY(panel.findChild<QPushButton*>(QStringLiteral("heightTabButton")) != nullptr)
I:\century\QFileMatrix\tests\WidgetPanelSmokeTests.cpp(230) : message location
INFO   : WidgetPanelSmokeTests::sensorPanelExposesPrototypeFields() QVERIFY(panel.findChild<QPushButton*>(QStringLiteral("lightTabButton")) != nullptr)
I:\century\QFileMatrix\tests\WidgetPanelSmokeTests.cpp(231) : message location
INFO   : WidgetPanelSmokeTests::sensorPanelExposesPrototypeFields() QVERIFY(panel.findChild<QLabel*>(QStringLiteral("sensorAbsValueLabel")) != nullptr)
I:\century\QFileMatrix\tests\WidgetPanelSmokeTests.cpp(232) : message location
INFO   : WidgetPanelSmokeTests::sensorPanelExposesPrototypeFields() QVERIFY(panel.findChild<QLabel*>(QStringLiteral("sensorPkPkValueLabel")) != nullptr)
I:\century\QFileMatrix\tests\WidgetPanelSmokeTests.cpp(233) : message location
PASS   : WidgetPanelSmokeTests::sensorPanelExposesPrototypeFields()
INFO   : WidgetPanelSmokeTests::measurePanelExposesPrototypeControls() entering
INFO   : WidgetPanelSmokeTests::measurePanelExposesPrototypeControls() QVERIFY(panel.findChild<QPushButton*>(QStringLiteral("autoModeButton")) != nullptr)
I:\century\QFileMatrix\tests\WidgetPanelSmokeTests.cpp(240) : message location
INFO   : WidgetPanelSmokeTests::measurePanelExposesPrototypeControls() QVERIFY(panel.findChild<QPushButton*>(QStringLiteral("singleModeButton")) != nullptr)
I:\century\QFileMatrix\tests\WidgetPanelSmokeTests.cpp(241) : message location
INFO   : WidgetPanelSmokeTests::measurePanelExposesPrototypeControls() QVERIFY(panel.findChild<QWidget*>(QStringLiteral("autoSampleCheck")) != nullptr)
I:\century\QFileMatrix\tests\WidgetPanelSmokeTests.cpp(242) : message location
INFO   : WidgetPanelSmokeTests::measurePanelExposesPrototypeControls() QVERIFY(panel.findChild<QWidget*>(QStringLiteral("cycleTestCheck")) != nullptr)
I:\century\QFileMatrix\tests\WidgetPanelSmokeTests.cpp(243) : message location
PASS   : WidgetPanelSmokeTests::measurePanelExposesPrototypeControls()
INFO   : WidgetPanelSmokeTests::rightPanelsUseCompactPrototypeSpacing() entering
INFO   : WidgetPanelSmokeTests::rightPanelsUseCompactPrototypeSpacing() QVERIFY(heightTab != nullptr)
I:\century\QFileMatrix\tests\WidgetPanelSmokeTests.cpp(264) : message location
INFO   : WidgetPanelSmokeTests::rightPanelsUseCompactPrototypeSpacing() QVERIFY(lightTab != nullptr)
I:\century\QFileMatrix\tests\WidgetPanelSmokeTests.cpp(265) : message location
INFO   : WidgetPanelSmokeTests::rightPanelsUseCompactPrototypeSpacing() QVERIFY(autoButton != nullptr)
I:\century\QFileMatrix\tests\WidgetPanelSmokeTests.cpp(266) : message location
INFO   : WidgetPanelSmokeTests::rightPanelsUseCompactPrototypeSpacing() QVERIFY(singleButton != nullptr)
I:\century\QFileMatrix\tests\WidgetPanelSmokeTests.cpp(267) : message location
INFO   : WidgetPanelSmokeTests::rightPanelsUseCompactPrototypeSpacing() QVERIFY(startButton != nullptr)
I:\century\QFileMatrix\tests\WidgetPanelSmokeTests.cpp(268) : message location
INFO   : WidgetPanelSmokeTests::rightPanelsUseCompactPrototypeSpacing() QVERIFY(manualButton != nullptr)
I:\century\QFileMatrix\tests\WidgetPanelSmokeTests.cpp(269) : message location
INFO   : WidgetPanelSmokeTests::rightPanelsUseCompactPrototypeSpacing() QVERIFY(stopButton != nullptr)
I:\century\QFileMatrix\tests\WidgetPanelSmokeTests.cpp(270) : message location
INFO   : WidgetPanelSmokeTests::rightPanelsUseCompactPrototypeSpacing() QVERIFY(heightTab->height() <= 24)
I:\century\QFileMatrix\tests\WidgetPanelSmokeTests.cpp(272) : message location
INFO   : WidgetPanelSmokeTests::rightPanelsUseCompactPrototypeSpacing() QVERIFY(lightTab->height() <= 24)
I:\century\QFileMatrix\tests\WidgetPanelSmokeTests.cpp(273) : message location
INFO   : WidgetPanelSmokeTests::rightPanelsUseCompactPrototypeSpacing() QVERIFY(autoButton->height() <= 24)
I:\century\QFileMatrix\tests\WidgetPanelSmokeTests.cpp(274) : message location
INFO   : WidgetPanelSmokeTests::rightPanelsUseCompactPrototypeSpacing() QVERIFY(singleButton->height() <= 24)
I:\century\QFileMatrix\tests\WidgetPanelSmokeTests.cpp(275) : message location
INFO   : WidgetPanelSmokeTests::rightPanelsUseCompactPrototypeSpacing() QVERIFY(startButton->height() <= 28)
I:\century\QFileMatrix\tests\WidgetPanelSmokeTests.cpp(276) : message location
INFO   : WidgetPanelSmokeTests::rightPanelsUseCompactPrototypeSpacing() QVERIFY(manualButton->height() <= 28)
I:\century\QFileMatrix\tests\WidgetPanelSmokeTests.cpp(277) : message location
INFO   : WidgetPanelSmokeTests::rightPanelsUseCompactPrototypeSpacing() QVERIFY(stopButton->height() <= 28)
I:\century\QFileMatrix\tests\WidgetPanelSmokeTests.cpp(278) : message location
INFO   : WidgetPanelSmokeTests::rightPanelsUseCompactPrototypeSpacing() QVERIFY(!heightTab->styleSheet().contains(QStringLiteral("#EEF2FF"), Qt::CaseInsensitive))
I:\century\QFileMatrix\tests\WidgetPanelSmokeTests.cpp(279) : message location
INFO   : WidgetPanelSmokeTests::rightPanelsUseCompactPrototypeSpacing() QVERIFY(!autoButton->styleSheet().contains(QStringLiteral("background:#FFFFFF"), Qt::CaseInsensitive))
I:\century\QFileMatrix\tests\WidgetPanelSmokeTests.cpp(280) : message location
PASS   : WidgetPanelSmokeTests::rightPanelsUseCompactPrototypeSpacing()
INFO   : WidgetPanelSmokeTests::servoPanelExposesPrototypeControls() entering
INFO   : WidgetPanelSmokeTests::servoPanelExposesPrototypeControls() QVERIFY(panel.findChild<QPushButton*>(QStringLiteral("servoHomeButton")) != nullptr)
I:\century\QFileMatrix\tests\WidgetPanelSmokeTests.cpp(287) : message location
INFO   : WidgetPanelSmokeTests::servoPanelExposesPrototypeControls() QVERIFY(panel.findChild<QLabel*>(QStringLiteral("servoJogHintLabel")) != nullptr)
I:\century\QFileMatrix\tests\WidgetPanelSmokeTests.cpp(288) : message location
INFO   : WidgetPanelSmokeTests::servoPanelExposesPrototypeControls() QVERIFY(panel.findChild<QPushButton*>(QStringLiteral("servoMoveButton")) != nullptr)
I:\century\QFileMatrix\tests\WidgetPanelSmokeTests.cpp(289) : message location
PASS   : WidgetPanelSmokeTests::servoPanelExposesPrototypeControls()
INFO   : WidgetPanelSmokeTests::servoPanelUsesCompactPrototypeLayout() entering
INFO   : WidgetPanelSmokeTests::servoPanelUsesCompactPrototypeLayout() QVERIFY(homeButton != nullptr)
I:\century\QFileMatrix\tests\WidgetPanelSmokeTests.cpp(302) : message location
INFO   : WidgetPanelSmokeTests::servoPanelUsesCompactPrototypeLayout() QVERIFY(moveButton != nullptr)
I:\century\QFileMatrix\tests\WidgetPanelSmokeTests.cpp(303) : message location
INFO   : WidgetPanelSmokeTests::servoPanelUsesCompactPrototypeLayout() QVERIFY(hintLabel != nullptr)
I:\century\QFileMatrix\tests\WidgetPanelSmokeTests.cpp(304) : message location
INFO   : WidgetPanelSmokeTests::servoPanelUsesCompactPrototypeLayout() QVERIFY(homeButton->height() <= 24)
I:\century\QFileMatrix\tests\WidgetPanelSmokeTests.cpp(306) : message location
INFO   : WidgetPanelSmokeTests::servoPanelUsesCompactPrototypeLayout() QVERIFY(moveButton->height() <= 24)
I:\century\QFileMatrix\tests\WidgetPanelSmokeTests.cpp(307) : message location
INFO   : WidgetPanelSmokeTests::servoPanelUsesCompactPrototypeLayout() QVERIFY(hintLabel->text().contains(QStringLiteral("HOME")))
I:\century\QFileMatrix\tests\WidgetPanelSmokeTests.cpp(308) : message location
PASS   : WidgetPanelSmokeTests::servoPanelUsesCompactPrototypeLayout()
INFO   : WidgetPanelSmokeTests::historyPanelUsesPrototypeSearchAndDelegates() entering
INFO   : WidgetPanelSmokeTests::historyPanelUsesPrototypeSearchAndDelegates() QVERIFY(search != nullptr)
I:\century\QFileMatrix\tests\WidgetPanelSmokeTests.cpp(317) : message location
INFO   : WidgetPanelSmokeTests::historyPanelUsesPrototypeSearchAndDelegates() QVERIFY(table != nullptr)
I:\century\QFileMatrix\tests\WidgetPanelSmokeTests.cpp(318) : message location
INFO   : WidgetPanelSmokeTests::historyPanelUsesPrototypeSearchAndDelegates() QCOMPARE(search->width(), 140)
I:\century\QFileMatrix\tests\WidgetPanelSmokeTests.cpp(320) : message location
INFO   : WidgetPanelSmokeTests::historyPanelUsesPrototypeSearchAndDelegates() QVERIFY(table->itemDelegateForColumn(5) != nullptr)
I:\century\QFileMatrix\tests\WidgetPanelSmokeTests.cpp(321) : message location
INFO   : WidgetPanelSmokeTests::historyPanelUsesPrototypeSearchAndDelegates() QVERIFY(table->itemDelegateForColumn(6) != nullptr)
I:\century\QFileMatrix\tests\WidgetPanelSmokeTests.cpp(322) : message location
INFO   : WidgetPanelSmokeTests::historyPanelUsesPrototypeSearchAndDelegates() QVERIFY(table->itemDelegateForColumn(5)->objectName() == QStringLiteral("historyVerdictDelegate"))
I:\century\QFileMatrix\tests\WidgetPanelSmokeTests.cpp(323) : message location
INFO   : WidgetPanelSmokeTests::historyPanelUsesPrototypeSearchAndDelegates() QVERIFY(table->itemDelegateForColumn(6)->objectName() == QStringLiteral("historyThickDelegate"))
I:\century\QFileMatrix\tests\WidgetPanelSmokeTests.cpp(324) : message location
PASS   : WidgetPanelSmokeTests::historyPanelUsesPrototypeSearchAndDelegates()
INFO   : WidgetPanelSmokeTests::sensorTabsMoveActiveStateWhenClicked() entering
INFO   : WidgetPanelSmokeTests::sensorTabsMoveActiveStateWhenClicked() QVERIFY(heightTab != nullptr)
I:\century\QFileMatrix\tests\WidgetPanelSmokeTests.cpp(332) : message location
INFO   : WidgetPanelSmokeTests::sensorTabsMoveActiveStateWhenClicked() QVERIFY(lightTab != nullptr)
I:\century\QFileMatrix\tests\WidgetPanelSmokeTests.cpp(333) : message location
INFO   : WidgetPanelSmokeTests::sensorTabsMoveActiveStateWhenClicked() QCOMPARE(heightTab->property("active").toBool(), true)
I:\century\QFileMatrix\tests\WidgetPanelSmokeTests.cpp(335) : message location
INFO   : WidgetPanelSmokeTests::sensorTabsMoveActiveStateWhenClicked() QCOMPARE(lightTab->property("active").toBool(), false)
I:\century\QFileMatrix\tests\WidgetPanelSmokeTests.cpp(336) : message location
INFO   : WidgetPanelSmokeTests::sensorTabsMoveActiveStateWhenClicked() QCOMPARE(heightTab->property("active").toBool(), false)
I:\century\QFileMatrix\tests\WidgetPanelSmokeTests.cpp(340) : message location
INFO   : WidgetPanelSmokeTests::sensorTabsMoveActiveStateWhenClicked() QCOMPARE(lightTab->property("active").toBool(), true)
I:\century\QFileMatrix\tests\WidgetPanelSmokeTests.cpp(341) : message location
PASS   : WidgetPanelSmokeTests::sensorTabsMoveActiveStateWhenClicked()
INFO   : WidgetPanelSmokeTests::measureModeTabsMoveActiveStateWhenClicked() entering
INFO   : WidgetPanelSmokeTests::measureModeTabsMoveActiveStateWhenClicked() QVERIFY(autoButton != nullptr)
I:\century\QFileMatrix\tests\WidgetPanelSmokeTests.cpp(349) : message location
INFO   : WidgetPanelSmokeTests::measureModeTabsMoveActiveStateWhenClicked() QVERIFY(singleButton != nullptr)
I:\century\QFileMatrix\tests\WidgetPanelSmokeTests.cpp(350) : message location
INFO   : WidgetPanelSmokeTests::measureModeTabsMoveActiveStateWhenClicked() QCOMPARE(autoButton->property("active").toBool(), true)
I:\century\QFileMatrix\tests\WidgetPanelSmokeTests.cpp(352) : message location
INFO   : WidgetPanelSmokeTests::measureModeTabsMoveActiveStateWhenClicked() QCOMPARE(singleButton->property("active").toBool(), false)
I:\century\QFileMatrix\tests\WidgetPanelSmokeTests.cpp(353) : message location
INFO   : WidgetPanelSmokeTests::measureModeTabsMoveActiveStateWhenClicked() QCOMPARE(autoButton->property("active").toBool(), false)
I:\century\QFileMatrix\tests\WidgetPanelSmokeTests.cpp(357) : message location
INFO   : WidgetPanelSmokeTests::measureModeTabsMoveActiveStateWhenClicked() QCOMPARE(singleButton->property("active").toBool(), true)
I:\century\QFileMatrix\tests\WidgetPanelSmokeTests.cpp(358) : message location
PASS   : WidgetPanelSmokeTests::measureModeTabsMoveActiveStateWhenClicked()
INFO   : WidgetPanelSmokeTests::ledIndicatorDrawsGlowRingPerState() entering
INFO   : WidgetPanelSmokeTests::ledIndicatorDrawsGlowRingPerState() QVERIFY(!pm.isNull())
I:\century\QFileMatrix\tests\WidgetPanelSmokeTests.cpp(373) : message location
INFO   : WidgetPanelSmokeTests::ledIndicatorDrawsGlowRingPerState() QCOMPARE(pm.size(), QSize(180, 24))
I:\century\QFileMatrix\tests\WidgetPanelSmokeTests.cpp(374) : message location
INFO   : WidgetPanelSmokeTests::ledIndicatorDrawsGlowRingPerState() QVERIFY(!pm.isNull())
I:\century\QFileMatrix\tests\WidgetPanelSmokeTests.cpp(373) : message location
INFO   : WidgetPanelSmokeTests::ledIndicatorDrawsGlowRingPerState() QCOMPARE(pm.size(), QSize(180, 24))
I:\century\QFileMatrix\tests\WidgetPanelSmokeTests.cpp(374) : message location
INFO   : WidgetPanelSmokeTests::ledIndicatorDrawsGlowRingPerState() QVERIFY(!pm.isNull())
I:\century\QFileMatrix\tests\WidgetPanelSmokeTests.cpp(373) : message location
INFO   : WidgetPanelSmokeTests::ledIndicatorDrawsGlowRingPerState() QCOMPARE(pm.size(), QSize(180, 24))
I:\century\QFileMatrix\tests\WidgetPanelSmokeTests.cpp(374) : message location
INFO   : WidgetPanelSmokeTests::ledIndicatorDrawsGlowRingPerState() QVERIFY(!pm.isNull())
I:\century\QFileMatrix\tests\WidgetPanelSmokeTests.cpp(373) : message location
INFO   : WidgetPanelSmokeTests::ledIndicatorDrawsGlowRingPerState() QCOMPARE(pm.size(), QSize(180, 24))
I:\century\QFileMatrix\tests\WidgetPanelSmokeTests.cpp(374) : message location
PASS   : WidgetPanelSmokeTests::ledIndicatorDrawsGlowRingPerState()
INFO   : WidgetPanelSmokeTests::ledIndicatorErrStateBlinks() entering
INFO   : WidgetPanelSmokeTests::ledIndicatorErrStateBlinks() QVERIFY(led.property("blinking").toBool())
I:\century\QFileMatrix\tests\WidgetPanelSmokeTests.cpp(382) : message location
INFO   : WidgetPanelSmokeTests::ledIndicatorErrStateBlinks() QVERIFY(!led.property("blinking").toBool())
I:\century\QFileMatrix\tests\WidgetPanelSmokeTests.cpp(385) : message location
PASS   : WidgetPanelSmokeTests::ledIndicatorErrStateBlinks()
INFO   : WidgetPanelSmokeTests::statCardUsesConsolasValueFontAndInlineUnit() entering
INFO   : WidgetPanelSmokeTests::statCardUsesConsolasValueFontAndInlineUnit() QVERIFY(!img.isNull())
I:\century\QFileMatrix\tests\WidgetPanelSmokeTests.cpp(402) : message location
INFO   : WidgetPanelSmokeTests::statCardUsesConsolasValueFontAndInlineUnit() QCOMPARE(card.property("small").toBool(), false)
I:\century\QFileMatrix\tests\WidgetPanelSmokeTests.cpp(404) : message location
INFO   : WidgetPanelSmokeTests::statCardUsesConsolasValueFontAndInlineUnit() QVERIFY(card.property("accentWidth").toInt() == 3)
I:\century\QFileMatrix\tests\WidgetPanelSmokeTests.cpp(405) : message location
INFO   : WidgetPanelSmokeTests::statCardUsesConsolasValueFontAndInlineUnit() QVERIFY(card.property("borderRadius").toInt() == 6)
I:\century\QFileMatrix\tests\WidgetPanelSmokeTests.cpp(406) : message location
PASS   : WidgetPanelSmokeTests::statCardUsesConsolasValueFontAndInlineUnit()
INFO   : WidgetPanelSmokeTests::statCardSmallVariantUsesSmallerValueFont() entering
INFO   : WidgetPanelSmokeTests::statCardSmallVariantUsesSmallerValueFont() QCOMPARE(card.property("small").toBool(), true)
I:\century\QFileMatrix\tests\WidgetPanelSmokeTests.cpp(420) : message location
PASS   : WidgetPanelSmokeTests::statCardSmallVariantUsesSmallerValueFont()
INFO   : WidgetPanelSmokeTests::cleanupTestCase() entering
PASS   : WidgetPanelSmokeTests::cleanupTestCase()
Totals: 25 passed, 0 failed, 0 skipped, 0 blacklisted, 2352ms
********* Finished testing of WidgetPanelSmokeTests *********
